2026-02-09 11:43:08,639 - stock_predictor - INFO - Optimal Portfolio Allocation: {'A': np.float64(0.6473), 'B': np.float64(0.3527)}
python : ..E
At line:1 char:1
+ python -m unittest 
backend/tests/test_features.py 
> test_output.txt 2 ...
+ ~~~~~~~~~~~~~~~~~~~~~~~~~~~~~
~~~~~~~~~~~~~~~~~~~~~~~~~~~~~~~
~~~~~~~~~
    + CategoryInfo          :  
   NotSpecified: (..E:String)  
   [], RemoteException
    + FullyQualifiedErrorId :  
   NativeCommandError
 
===============================
===============================
========
ERROR: 
test_timeframe_resampling (back
end.tests.test_features.TestFea
tures.test_timeframe_resampling
)
-------------------------------
-------------------------------
--------
Traceback (most recent call 
last):
  File "pandas/_libs/tslibs/off
sets.pyx", line 6313, in pandas
._libs.tslibs.offsets.to_offset
  File "pandas/_libs/tslibs/off
sets.pyx", line 6180, in pandas
._libs.tslibs.offsets._validate
_to_offset_alias
ValueError: 'M' is no longer 
supported for offsets. Please 
use 'ME' instead.

During handling of the above 
exception, another exception 
occurred:

Traceback (most recent call 
last):
  File "C:\Users\haris\OneDrive
\Documents\invest iq\backend\te
sts\test_features.py", line 
43, in 
test_timeframe_resampling
    processed = TimeFrameProces
sor.create_multiframe_features(
self.df)
  File "C:\Users\haris\OneDrive
\Documents\invest iq\backend\fe
atures\timeframes.py", line 
39, in 
create_multiframe_features
    monthly_df = TimeFrameProce
ssor.resample(daily_df, 'M')
  File "C:\Users\haris\OneDrive
\Documents\invest iq\backend\fe
atures\timeframes.py", line 
22, in resample
    resampled = 
df.resample(rule).agg({
                
~~~~~~~~~~~^^^^^^
  File "C:\Users\haris\AppData\
Local\Packages\PythonSoftwareFo
undation.Python.3.13_qbz5n2kfra
8p0\LocalCache\local-packages\P
ython313\site-packages\pandas\c
ore\generic.py", line 9423, in 
resample
    return get_resampler(
        cast("Series | 
DataFrame", self),
    ...<8 lines>...
        group_keys=group_keys,
    )
  File "C:\Users\haris\AppData\
Local\Packages\PythonSoftwareFo
undation.Python.3.13_qbz5n2kfra
8p0\LocalCache\local-packages\P
ython313\site-packages\pandas\c
ore\resample.py", line 2334, 
in get_resampler
    tg = TimeGrouper(obj, 
**kwds)  # type: 
ignore[arg-type]
  File "C:\Users\haris\AppData\
Local\Packages\PythonSoftwareFo
undation.Python.3.13_qbz5n2kfra
8p0\LocalCache\local-packages\P
ython313\site-packages\pandas\c
ore\resample.py", line 2420, 
in __init__
    freq = to_offset(freq)
  File "pandas/_libs/tslibs/off
sets.pyx", line 6229, in pandas
._libs.tslibs.offsets.to_offset
  File "pandas/_libs/tslibs/off
sets.pyx", line 6352, in pandas
._libs.tslibs.offsets.to_offset
  File "pandas/_libs/tslibs/off
sets.pyx", line 6137, in pandas
._libs.tslibs.offsets.raise_inv
alid_freq
ValueError: Invalid frequency: 
M. Failed to parse with error 
message: ValueError("'M' is no 
longer supported for offsets. 
Please use 'ME' instead.")

-------------------------------
-------------------------------
--------
Ran 3 tests in 0.032s

FAILED (errors=1)
